19:15:13 **** Incremental Build of configuration Debug for project GPIO_Driver ****
make -j8 all 
arm-none-eabi-gcc "../Src/Toggle_led.c" -mcpu=cortex-m4 -std=gnu11 -g3 -DDEBUG -DSTM32 -DSTM32F407G_DISC1 -DSTM32F4 -DSTM32F407VGTx -c -I"C:/Users/SHRIKANT/Desktop/MY_STM32/STM32_BareMetal/GPIO_Driver/GPIO_Driver/Drivers/Inc" -O0 -ffunction-sections -fdata-sections -Wall -fstack-usage -MMD -MP -MF"Src/Toggle_led.d" -MT"Src/Toggle_led.o" --specs=nano.specs -mfpu=fpv4-sp-d16 -mfloat-abi=hard -mthumb -o "Src/Toggle_led.o"
arm-none-eabi-gcc "../Drivers/Src/stm32f407_gpio_driver.c" -mcpu=cortex-m4 -std=gnu11 -g3 -DDEBUG -DSTM32 -DSTM32F407G_DISC1 -DSTM32F4 -DSTM32F407VGTx -c -I"C:/Users/SHRIKANT/Desktop/MY_STM32/STM32_BareMetal/GPIO_Driver/GPIO_Driver/Drivers/Inc" -O0 -ffunction-sections -fdata-sections -Wall -fstack-usage -MMD -MP -MF"Drivers/Src/stm32f407_gpio_driver.d" -MT"Drivers/Src/stm32f407_gpio_driver.o" --specs=nano.specs -mfpu=fpv4-sp-d16 -mfloat-abi=hard -mthumb -o "Drivers/Src/stm32f407_gpio_driver.o"
arm-none-eabi-gcc -o "GPIO_Driver.elf" @"objects.list"   -mcpu=cortex-m4 -T"C:\Users\SHRIKANT\Desktop\MY_STM32\STM32_BareMetal\GPIO_Driver\GPIO_Driver\STM32F407VGTX_FLASH.ld" --specs=nosys.specs -Wl,-Map="GPIO_Driver.map" -Wl,--gc-sections -static --specs=nano.specs -mfpu=fpv4-sp-d16 -mfloat-abi=hard -mthumb -Wl,--start-group -lc -lm -Wl,--end-group
Finished building target: GPIO_Driver.elf
 
arm-none-eabi-size   GPIO_Driver.elf 
arm-none-eabi-objdump -h -S  GPIO_Driver.elf  > "GPIO_Driver.list"
   text	   data	    bss	    dec	    hex	filename
   1724	      8	   1568	   3300	    ce4	GPIO_Driver.elf
Finished building: default.size.stdout
 
Finished building: GPIO_Driver.list
 
19:15:20 **** Incremental Build of configuration Debug for project GPIO_Driver ****
make -j8 all 
arm-none-eabi-size   GPIO_Driver.elf 
   text	   data	    bss	    dec	    hex	filename
   1724	      8	   1568	   3300	    ce4	GPIO_Driver.elf
Finished building: default.size.stdout
 
19:15:44 **** Incremental Build of configuration Debug for project GPIO_Driver ****
make -j8 all 
arm-none-eabi-size   GPIO_Driver.elf 
   text	   data	    bss	    dec	    hex	filename
   1724	      8	   1568	   3300	    ce4	GPIO_Driver.elf
Finished building: default.size.stdout
 
19:15:58 **** Incremental Build of configuration Debug for project GPIO_Driver ****
make -j8 all 
arm-none-eabi-size   GPIO_Driver.elf 
   text	   data	    bss	    dec	    hex	filename
   1724	      8	   1568	   3300	    ce4	GPIO_Driver.elf
Finished building: default.size.stdout
 
19:23:12 **** Incremental Build of configuration Debug for project GPIO_Driver ****
make -j8 all 
arm-none-eabi-size   GPIO_Driver.elf 
   text	   data	    bss	    dec	    hex	filename
   1724	      8	   1568	   3300	    ce4	GPIO_Driver.elf
Finished building: default.size.stdout
 
19:24:04 **** Incremental Build of configuration Debug for project GPIO_Driver ****
make -j8 all 
arm-none-eabi-size   GPIO_Driver.elf 
   text	   data	    bss	    dec	    hex	filename
   1724	      8	   1568	   3300	    ce4	GPIO_Driver.elf
Finished building: default.size.stdout
 
19:40:30 **** Incremental Build of configuration Debug for project GPIO_Driver ****
make -j8 all 
arm-none-eabi-gcc "../Drivers/Src/stm32f407_gpio_driver.c" -mcpu=cortex-m4 -std=gnu11 -g3 -DDEBUG -DSTM32 -DSTM32F407G_DISC1 -DSTM32F4 -DSTM32F407VGTx -c -I"C:/Users/SHRIKANT/Desktop/MY_STM32/STM32_BareMetal/GPIO_Driver/GPIO_Driver/Drivers/Inc" -O0 -ffunction-sections -fdata-sections -Wall -fstack-usage -MMD -MP -MF"Drivers/Src/stm32f407_gpio_driver.d" -MT"Drivers/Src/stm32f407_gpio_driver.o" --specs=nano.specs -mfpu=fpv4-sp-d16 -mfloat-abi=hard -mthumb -o "Drivers/Src/stm32f407_gpio_driver.o"
arm-none-eabi-gcc -o "GPIO_Driver.elf" @"objects.list"   -mcpu=cortex-m4 -T"C:\Users\SHRIKANT\Desktop\MY_STM32\STM32_BareMetal\GPIO_Driver\GPIO_Driver\STM32F407VGTX_FLASH.ld" --specs=nosys.specs -Wl,-Map="GPIO_Driver.map" -Wl,--gc-sections -static --specs=nano.specs -mfpu=fpv4-sp-d16 -mfloat-abi=hard -mthumb -Wl,--start-group -lc -lm -Wl,--end-group
Finished building target: GPIO_Driver.elf
 
arm-none-eabi-size   GPIO_Driver.elf 
arm-none-eabi-objdump -h -S  GPIO_Driver.elf  > "GPIO_Driver.list"
   text	   data	    bss	    dec	    hex	filename
   1716	      8	   1568	   3292	    cdc	GPIO_Driver.elf
Finished building: default.size.stdout
 
Finished building: GPIO_Driver.list
 
21:04:04 **** Incremental Build of configuration Debug for project GPIO_Driver ****
make -j8 all 
arm-none-eabi-gcc "../Src/Toggle_led.c" -mcpu=cortex-m4 -std=gnu11 -g3 -DDEBUG -DSTM32 -DSTM32F407G_DISC1 -DSTM32F4 -DSTM32F407VGTx -c -I"C:/Users/SHRIKANT/Desktop/MY_STM32/STM32_BareMetal/GPIO_Driver/GPIO_Driver/Drivers/Inc" -O0 -ffunction-sections -fdata-sections -Wall -fstack-usage -MMD -MP -MF"Src/Toggle_led.d" -MT"Src/Toggle_led.o" --specs=nano.specs -mfpu=fpv4-sp-d16 -mfloat-abi=hard -mthumb -o "Src/Toggle_led.o"
arm-none-eabi-gcc -o "GPIO_Driver.elf" @"objects.list"   -mcpu=cortex-m4 -T"C:\Users\SHRIKANT\Desktop\MY_STM32\STM32_BareMetal\GPIO_Driver\GPIO_Driver\STM32F407VGTX_FLASH.ld" --specs=nosys.specs -Wl,-Map="GPIO_Driver.map" -Wl,--gc-sections -static --specs=nano.specs -mfpu=fpv4-sp-d16 -mfloat-abi=hard -mthumb -Wl,--start-group -lc -lm -Wl,--end-group
Finished building target: GPIO_Driver.elf
 
arm-none-eabi-size   GPIO_Driver.elf 
arm-none-eabi-objdump -h -S  GPIO_Driver.elf  > "GPIO_Driver.list"
   text	   data	    bss	    dec	    hex	filename
   1716	      8	   1568	   3292	    cdc	GPIO_Driver.elf
Finished building: default.size.stdout
 
Finished building: GPIO_Driver.list
 
21:04:22 **** Incremental Build of configuration Debug for project GPIO_Driver ****
make -j8 all 
arm-none-eabi-size   GPIO_Driver.elf 
   text	   data	    bss	    dec	    hex	filename
   1716	      8	   1568	   3292	    cdc	GPIO_Driver.elf
Finished building: default.size.stdout
 
21:12:51 **** Incremental Build of configuration Debug for project GPIO_Driver ****
make -j8 all 
arm-none-eabi-size   GPIO_Driver.elf 
   text	   data	    bss	    dec	    hex	filename
   1716	      8	   1568	   3292	    cdc	GPIO_Driver.elf
Finished building: default.size.stdout
 
21:13:05 **** Incremental Build of configuration Debug for project GPIO_Driver ****
make -j8 all 
arm-none-eabi-size   GPIO_Driver.elf 
   text	   data	    bss	    dec	    hex	filename
   1716	      8	   1568	   3292	    cdc	GPIO_Driver.elf
Finished building: default.size.stdout
 
21:14:58 **** Incremental Build of configuration Debug for project GPIO_Driver ****
make -j8 all 
arm-none-eabi-gcc "../Drivers/Src/stm32f407_gpio_driver.c" -mcpu=cortex-m4 -std=gnu11 -g3 -DDEBUG -DSTM32 -DSTM32F407G_DISC1 -DSTM32F4 -DSTM32F407VGTx -c -I"C:/Users/SHRIKANT/Desktop/MY_STM32/STM32_BareMetal/GPIO_Driver/GPIO_Driver/Drivers/Inc" -O0 -ffunction-sections -fdata-sections -Wall -fstack-usage -MMD -MP -MF"Drivers/Src/stm32f407_gpio_driver.d" -MT"Drivers/Src/stm32f407_gpio_driver.o" --specs=nano.specs -mfpu=fpv4-sp-d16 -mfloat-abi=hard -mthumb -o "Drivers/Src/stm32f407_gpio_driver.o"
arm-none-eabi-gcc -o "GPIO_Driver.elf" @"objects.list"   -mcpu=cortex-m4 -T"C:\Users\SHRIKANT\Desktop\MY_STM32\STM32_BareMetal\GPIO_Driver\GPIO_Driver\STM32F407VGTX_FLASH.ld" --specs=nosys.specs -Wl,-Map="GPIO_Driver.map" -Wl,--gc-sections -static --specs=nano.specs -mfpu=fpv4-sp-d16 -mfloat-abi=hard -mthumb -Wl,--start-group -lc -lm -Wl,--end-group
Finished building target: GPIO_Driver.elf
 
arm-none-eabi-size   GPIO_Driver.elf 
arm-none-eabi-objdump -h -S  GPIO_Driver.elf  > "GPIO_Driver.list"
   text	   data	    bss	    dec	    hex	filename
   1716	      8	   1568	   3292	    cdc	GPIO_Driver.elf
Finished building: default.size.stdout
 
Finished building: GPIO_Driver.list
 
21:15:54 **** Incremental Build of configuration Debug for project GPIO_Driver ****
make -j8 all 
arm-none-eabi-gcc "../Src/Toggle_led.c" -mcpu=cortex-m4 -std=gnu11 -g3 -DDEBUG -DSTM32 -DSTM32F407G_DISC1 -DSTM32F4 -DSTM32F407VGTx -c -I"C:/Users/SHRIKANT/Desktop/MY_STM32/STM32_BareMetal/GPIO_Driver/GPIO_Driver/Drivers/Inc" -O0 -ffunction-sections -fdata-sections -Wall -fstack-usage -MMD -MP -MF"Src/Toggle_led.d" -MT"Src/Toggle_led.o" --specs=nano.specs -mfpu=fpv4-sp-d16 -mfloat-abi=hard -mthumb -o "Src/Toggle_led.o"
arm-none-eabi-gcc -o "GPIO_Driver.elf" @"objects.list"   -mcpu=cortex-m4 -T"C:\Users\SHRIKANT\Desktop\MY_STM32\STM32_BareMetal\GPIO_Driver\GPIO_Driver\STM32F407VGTX_FLASH.ld" --specs=nosys.specs -Wl,-Map="GPIO_Driver.map" -Wl,--gc-sections -static --specs=nano.specs -mfpu=fpv4-sp-d16 -mfloat-abi=hard -mthumb -Wl,--start-group -lc -lm -Wl,--end-group
Finished building target: GPIO_Driver.elf
 
arm-none-eabi-size   GPIO_Driver.elf 
arm-none-eabi-objdump -h -S  GPIO_Driver.elf  > "GPIO_Driver.list"
   text	   data	    bss	    dec	    hex	filename
   1716	      8	   1568	   3292	    cdc	GPIO_Driver.elf
Finished building: default.size.stdout
 
Finished building: GPIO_Driver.list
 
21:16:59 **** Incremental Build of configuration Debug for project GPIO_Driver ****
make -j8 all 
arm-none-eabi-gcc "../Src/Toggle_led.c" -mcpu=cortex-m4 -std=gnu11 -g3 -DDEBUG -DSTM32 -DSTM32F407G_DISC1 -DSTM32F4 -DSTM32F407VGTx -c -I"C:/Users/SHRIKANT/Desktop/MY_STM32/STM32_BareMetal/GPIO_Driver/GPIO_Driver/Drivers/Inc" -O0 -ffunction-sections -fdata-sections -Wall -fstack-usage -MMD -MP -MF"Src/Toggle_led.d" -MT"Src/Toggle_led.o" --specs=nano.specs -mfpu=fpv4-sp-d16 -mfloat-abi=hard -mthumb -o "Src/Toggle_led.o"
arm-none-eabi-gcc -o "GPIO_Driver.elf" @"objects.list"   -mcpu=cortex-m4 -T"C:\Users\SHRIKANT\Desktop\MY_STM32\STM32_BareMetal\GPIO_Driver\GPIO_Driver\STM32F407VGTX_FLASH.ld" --specs=nosys.specs -Wl,-Map="GPIO_Driver.map" -Wl,--gc-sections -static --specs=nano.specs -mfpu=fpv4-sp-d16 -mfloat-abi=hard -mthumb -Wl,--start-group -lc -lm -Wl,--end-group
Finished building target: GPIO_Driver.elf
 
arm-none-eabi-size   GPIO_Driver.elf 
arm-none-eabi-objdump -h -S  GPIO_Driver.elf  > "GPIO_Driver.list"
   text	   data	    bss	    dec	    hex	filename
   1716	      8	   1568	   3292	    cdc	GPIO_Driver.elf
Finished building: default.size.stdout
 
Finished building: GPIO_Driver.list
 
21:21:16 **** Incremental Build of configuration Debug for project GPIO_Driver ****
make -j8 all 
arm-none-eabi-gcc "../Src/Toggle_led.c" -mcpu=cortex-m4 -std=gnu11 -g3 -DDEBUG -DSTM32 -DSTM32F407G_DISC1 -DSTM32F4 -DSTM32F407VGTx -c -I"C:/Users/SHRIKANT/Desktop/MY_STM32/STM32_BareMetal/GPIO_Driver/GPIO_Driver/Drivers/Inc" -O0 -ffunction-sections -fdata-sections -Wall -fstack-usage -MMD -MP -MF"Src/Toggle_led.d" -MT"Src/Toggle_led.o" --specs=nano.specs -mfpu=fpv4-sp-d16 -mfloat-abi=hard -mthumb -o "Src/Toggle_led.o"
arm-none-eabi-gcc -o "GPIO_Driver.elf" @"objects.list"   -mcpu=cortex-m4 -T"C:\Users\SHRIKANT\Desktop\MY_STM32\STM32_BareMetal\GPIO_Driver\GPIO_Driver\STM32F407VGTX_FLASH.ld" --specs=nosys.specs -Wl,-Map="GPIO_Driver.map" -Wl,--gc-sections -static --specs=nano.specs -mfpu=fpv4-sp-d16 -mfloat-abi=hard -mthumb -Wl,--start-group -lc -lm -Wl,--end-group
Finished building target: GPIO_Driver.elf
 
arm-none-eabi-size   GPIO_Driver.elf 
arm-none-eabi-objdump -h -S  GPIO_Driver.elf  > "GPIO_Driver.list"
   text	   data	    bss	    dec	    hex	filename
   1756	      8	   1568	   3332	    d04	GPIO_Driver.elf
Finished building: default.size.stdout
 
Finished building: GPIO_Driver.list
 
21:22:01 **** Incremental Build of configuration Debug for project GPIO_Driver ****
make -j8 all 
arm-none-eabi-gcc "../Src/Toggle_led.c" -mcpu=cortex-m4 -std=gnu11 -g3 -DDEBUG -DSTM32 -DSTM32F407G_DISC1 -DSTM32F4 -DSTM32F407VGTx -c -I"C:/Users/SHRIKANT/Desktop/MY_STM32/STM32_BareMetal/GPIO_Driver/GPIO_Driver/Drivers/Inc" -O0 -ffunction-sections -fdata-sections -Wall -fstack-usage -MMD -MP -MF"Src/Toggle_led.d" -MT"Src/Toggle_led.o" --specs=nano.specs -mfpu=fpv4-sp-d16 -mfloat-abi=hard -mthumb -o "Src/Toggle_led.o"
arm-none-eabi-gcc -o "GPIO_Driver.elf" @"objects.list"   -mcpu=cortex-m4 -T"C:\Users\SHRIKANT\Desktop\MY_STM32\STM32_BareMetal\GPIO_Driver\GPIO_Driver\STM32F407VGTX_FLASH.ld" --specs=nosys.specs -Wl,-Map="GPIO_Driver.map" -Wl,--gc-sections -static --specs=nano.specs -mfpu=fpv4-sp-d16 -mfloat-abi=hard -mthumb -Wl,--start-group -lc -lm -Wl,--end-group
Finished building target: GPIO_Driver.elf
 
arm-none-eabi-size   GPIO_Driver.elf 
arm-none-eabi-objdump -h -S  GPIO_Driver.elf  > "GPIO_Driver.list"
   text	   data	    bss	    dec	    hex	filename
   1764	      8	   1568	   3340	    d0c	GPIO_Driver.elf
Finished building: default.size.stdout
 
Finished building: GPIO_Driver.list
 
21:34:27 **** Incremental Build of configuration Debug for project GPIO_Driver ****
make -j8 all 
arm-none-eabi-gcc "../Src/Toggle_led.c" -mcpu=cortex-m4 -std=gnu11 -g3 -DDEBUG -DSTM32 -DSTM32F407G_DISC1 -DSTM32F4 -DSTM32F407VGTx -c -I"C:/Users/SHRIKANT/Desktop/MY_STM32/STM32_BareMetal/GPIO_Driver/GPIO_Driver/Drivers/Inc" -O0 -ffunction-sections -fdata-sections -Wall -fstack-usage -MMD -MP -MF"Src/Toggle_led.d" -MT"Src/Toggle_led.o" --specs=nano.specs -mfpu=fpv4-sp-d16 -mfloat-abi=hard -mthumb -o "Src/Toggle_led.o"
arm-none-eabi-gcc "../Drivers/Src/stm32f407_gpio_driver.c" -mcpu=cortex-m4 -std=gnu11 -g3 -DDEBUG -DSTM32 -DSTM32F407G_DISC1 -DSTM32F4 -DSTM32F407VGTx -c -I"C:/Users/SHRIKANT/Desktop/MY_STM32/STM32_BareMetal/GPIO_Driver/GPIO_Driver/Drivers/Inc" -O0 -ffunction-sections -fdata-sections -Wall -fstack-usage -MMD -MP -MF"Drivers/Src/stm32f407_gpio_driver.d" -MT"Drivers/Src/stm32f407_gpio_driver.o" --specs=nano.specs -mfpu=fpv4-sp-d16 -mfloat-abi=hard -mthumb -o "Drivers/Src/stm32f407_gpio_driver.o"
arm-none-eabi-gcc -o "GPIO_Driver.elf" @"objects.list"   -mcpu=cortex-m4 -T"C:\Users\SHRIKANT\Desktop\MY_STM32\STM32_BareMetal\GPIO_Driver\GPIO_Driver\STM32F407VGTX_FLASH.ld" --specs=nosys.specs -Wl,-Map="GPIO_Driver.map" -Wl,--gc-sections -static --specs=nano.specs -mfpu=fpv4-sp-d16 -mfloat-abi=hard -mthumb -Wl,--start-group -lc -lm -Wl,--end-group
Finished building target: GPIO_Driver.elf
 
arm-none-eabi-size   GPIO_Driver.elf 
arm-none-eabi-objdump -h -S  GPIO_Driver.elf  > "GPIO_Driver.list"
   text	   data	    bss	    dec	    hex	filename
   1764	      8	   1568	   3340	    d0c	GPIO_Driver.elf
Finished building: default.size.stdout
 
Finished building: GPIO_Driver.list
 
