13:17:40 **** Incremental Build of configuration Debug for project GPIO_Driver ****
make -j8 all 
arm-none-eabi-gcc "../Src/Toggle_led.c" -mcpu=cortex-m4 -std=gnu11 -g3 -DDEBUG -DSTM32 -DSTM32F407G_DISC1 -DSTM32F4 -DSTM32F407VGTx -c -I"C:/Users/SHRIKANT/Desktop/MY_STM32/STM32_BareMetal/GPIO_Driver/GPIO_Driver/Drivers/Inc" -O0 -ffunction-sections -fdata-sections -Wall -fstack-usage -MMD -MP -MF"Src/Toggle_led.d" -MT"Src/Toggle_led.o" --specs=nano.specs -mfpu=fpv4-sp-d16 -mfloat-abi=hard -mthumb -o "Src/Toggle_led.o"
arm-none-eabi-gcc "../Drivers/Src/stm32f407_gpio_driver.c" -mcpu=cortex-m4 -std=gnu11 -g3 -DDEBUG -DSTM32 -DSTM32F407G_DISC1 -DSTM32F4 -DSTM32F407VGTx -c -I"C:/Users/SHRIKANT/Desktop/MY_STM32/STM32_BareMetal/GPIO_Driver/GPIO_Driver/Drivers/Inc" -O0 -ffunction-sections -fdata-sections -Wall -fstack-usage -MMD -MP -MF"Drivers/Src/stm32f407_gpio_driver.d" -MT"Drivers/Src/stm32f407_gpio_driver.o" --specs=nano.specs -mfpu=fpv4-sp-d16 -mfloat-abi=hard -mthumb -o "Drivers/Src/stm32f407_gpio_driver.o"
arm-none-eabi-gcc -o "GPIO_Driver.elf" @"objects.list"   -mcpu=cortex-m4 -T"C:\Users\SHRIKANT\Desktop\MY_STM32\STM32_BareMetal\GPIO_Driver\GPIO_Driver\STM32F407VGTX_FLASH.ld" --specs=nosys.specs -Wl,-Map="GPIO_Driver.map" -Wl,--gc-sections -static --specs=nano.specs -mfpu=fpv4-sp-d16 -mfloat-abi=hard -mthumb -Wl,--start-group -lc -lm -Wl,--end-group
Finished building target: GPIO_Driver.elf
 
arm-none-eabi-size   GPIO_Driver.elf 
arm-none-eabi-objdump -h -S  GPIO_Driver.elf  > "GPIO_Driver.list"
   text	   data	    bss	    dec	    hex	filename
   1688	      8	   1568	   3264	    cc0	GPIO_Driver.elf
Finished building: default.size.stdout
 
Finished building: GPIO_Driver.list
 
13:18:35 **** Incremental Build of configuration Debug for project GPIO_Driver ****
make -j8 all 
arm-none-eabi-size   GPIO_Driver.elf 
   text	   data	    bss	    dec	    hex	filename
   1688	      8	   1568	   3264	    cc0	GPIO_Driver.elf
Finished building: default.size.stdout
 
13:19:02 **** Incremental Build of configuration Debug for project GPIO_Driver ****
make -j8 all 
arm-none-eabi-gcc "../Src/Toggle_led.c" -mcpu=cortex-m4 -std=gnu11 -g3 -DDEBUG -DSTM32 -DSTM32F407G_DISC1 -DSTM32F4 -DSTM32F407VGTx -c -I"C:/Users/SHRIKANT/Desktop/MY_STM32/STM32_BareMetal/GPIO_Driver/GPIO_Driver/Drivers/Inc" -O0 -ffunction-sections -fdata-sections -Wall -fstack-usage -MMD -MP -MF"Src/Toggle_led.d" -MT"Src/Toggle_led.o" --specs=nano.specs -mfpu=fpv4-sp-d16 -mfloat-abi=hard -mthumb -o "Src/Toggle_led.o"
arm-none-eabi-gcc -o "GPIO_Driver.elf" @"objects.list"   -mcpu=cortex-m4 -T"C:\Users\SHRIKANT\Desktop\MY_STM32\STM32_BareMetal\GPIO_Driver\GPIO_Driver\STM32F407VGTX_FLASH.ld" --specs=nosys.specs -Wl,-Map="GPIO_Driver.map" -Wl,--gc-sections -static --specs=nano.specs -mfpu=fpv4-sp-d16 -mfloat-abi=hard -mthumb -Wl,--start-group -lc -lm -Wl,--end-group
Finished building target: GPIO_Driver.elf
 
arm-none-eabi-size   GPIO_Driver.elf 
arm-none-eabi-objdump -h -S  GPIO_Driver.elf  > "GPIO_Driver.list"
   text	   data	    bss	    dec	    hex	filename
   1688	      8	   1568	   3264	    cc0	GPIO_Driver.elf
Finished building: default.size.stdout
 
Finished building: GPIO_Driver.list
 
13:19:46 **** Incremental Build of configuration Debug for project GPIO_Driver ****
make -j8 all 
arm-none-eabi-gcc "../Src/Toggle_led.c" -mcpu=cortex-m4 -std=gnu11 -g3 -DDEBUG -DSTM32 -DSTM32F407G_DISC1 -DSTM32F4 -DSTM32F407VGTx -c -I"C:/Users/SHRIKANT/Desktop/MY_STM32/STM32_BareMetal/GPIO_Driver/GPIO_Driver/Drivers/Inc" -O0 -ffunction-sections -fdata-sections -Wall -fstack-usage -MMD -MP -MF"Src/Toggle_led.d" -MT"Src/Toggle_led.o" --specs=nano.specs -mfpu=fpv4-sp-d16 -mfloat-abi=hard -mthumb -o "Src/Toggle_led.o"
arm-none-eabi-gcc -o "GPIO_Driver.elf" @"objects.list"   -mcpu=cortex-m4 -T"C:\Users\SHRIKANT\Desktop\MY_STM32\STM32_BareMetal\GPIO_Driver\GPIO_Driver\STM32F407VGTX_FLASH.ld" --specs=nosys.specs -Wl,-Map="GPIO_Driver.map" -Wl,--gc-sections -static --specs=nano.specs -mfpu=fpv4-sp-d16 -mfloat-abi=hard -mthumb -Wl,--start-group -lc -lm -Wl,--end-group
Finished building target: GPIO_Driver.elf
 
arm-none-eabi-size   GPIO_Driver.elf 
arm-none-eabi-objdump -h -S  GPIO_Driver.elf  > "GPIO_Driver.list"
   text	   data	    bss	    dec	    hex	filename
   1688	      8	   1568	   3264	    cc0	GPIO_Driver.elf
Finished building: default.size.stdout
 
Finished building: GPIO_Driver.list
 
13:20:10 **** Incremental Build of configuration Debug for project GPIO_Driver ****
make -j8 all 
arm-none-eabi-gcc "../Src/Toggle_led.c" -mcpu=cortex-m4 -std=gnu11 -g3 -DDEBUG -DSTM32 -DSTM32F407G_DISC1 -DSTM32F4 -DSTM32F407VGTx -c -I"C:/Users/SHRIKANT/Desktop/MY_STM32/STM32_BareMetal/GPIO_Driver/GPIO_Driver/Drivers/Inc" -O0 -ffunction-sections -fdata-sections -Wall -fstack-usage -MMD -MP -MF"Src/Toggle_led.d" -MT"Src/Toggle_led.o" --specs=nano.specs -mfpu=fpv4-sp-d16 -mfloat-abi=hard -mthumb -o "Src/Toggle_led.o"
arm-none-eabi-gcc -o "GPIO_Driver.elf" @"objects.list"   -mcpu=cortex-m4 -T"C:\Users\SHRIKANT\Desktop\MY_STM32\STM32_BareMetal\GPIO_Driver\GPIO_Driver\STM32F407VGTX_FLASH.ld" --specs=nosys.specs -Wl,-Map="GPIO_Driver.map" -Wl,--gc-sections -static --specs=nano.specs -mfpu=fpv4-sp-d16 -mfloat-abi=hard -mthumb -Wl,--start-group -lc -lm -Wl,--end-group
Finished building target: GPIO_Driver.elf
 
arm-none-eabi-size   GPIO_Driver.elf 
arm-none-eabi-objdump -h -S  GPIO_Driver.elf  > "GPIO_Driver.list"
   text	   data	    bss	    dec	    hex	filename
   1688	      8	   1568	   3264	    cc0	GPIO_Driver.elf
Finished building: default.size.stdout
 
Finished building: GPIO_Driver.list
 
13:20:39 **** Incremental Build of configuration Debug for project GPIO_Driver ****
make -j8 all 
arm-none-eabi-gcc "../Src/Toggle_led.c" -mcpu=cortex-m4 -std=gnu11 -g3 -DDEBUG -DSTM32 -DSTM32F407G_DISC1 -DSTM32F4 -DSTM32F407VGTx -c -I"C:/Users/SHRIKANT/Desktop/MY_STM32/STM32_BareMetal/GPIO_Driver/GPIO_Driver/Drivers/Inc" -O0 -ffunction-sections -fdata-sections -Wall -fstack-usage -MMD -MP -MF"Src/Toggle_led.d" -MT"Src/Toggle_led.o" --specs=nano.specs -mfpu=fpv4-sp-d16 -mfloat-abi=hard -mthumb -o "Src/Toggle_led.o"
arm-none-eabi-gcc -o "GPIO_Driver.elf" @"objects.list"   -mcpu=cortex-m4 -T"C:\Users\SHRIKANT\Desktop\MY_STM32\STM32_BareMetal\GPIO_Driver\GPIO_Driver\STM32F407VGTX_FLASH.ld" --specs=nosys.specs -Wl,-Map="GPIO_Driver.map" -Wl,--gc-sections -static --specs=nano.specs -mfpu=fpv4-sp-d16 -mfloat-abi=hard -mthumb -Wl,--start-group -lc -lm -Wl,--end-group
Finished building target: GPIO_Driver.elf
 
arm-none-eabi-size   GPIO_Driver.elf 
arm-none-eabi-objdump -h -S  GPIO_Driver.elf  > "GPIO_Driver.list"
   text	   data	    bss	    dec	    hex	filename
   1688	      8	   1568	   3264	    cc0	GPIO_Driver.elf
Finished building: default.size.stdout
 
Finished building: GPIO_Driver.list
 
13:21:53 **** Incremental Build of configuration Debug for project GPIO_Driver ****
make -j8 all 
arm-none-eabi-gcc "../Src/Toggle_led.c" -mcpu=cortex-m4 -std=gnu11 -g3 -DDEBUG -DSTM32 -DSTM32F407G_DISC1 -DSTM32F4 -DSTM32F407VGTx -c -I"C:/Users/SHRIKANT/Desktop/MY_STM32/STM32_BareMetal/GPIO_Driver/GPIO_Driver/Drivers/Inc" -O0 -ffunction-sections -fdata-sections -Wall -fstack-usage -MMD -MP -MF"Src/Toggle_led.d" -MT"Src/Toggle_led.o" --specs=nano.specs -mfpu=fpv4-sp-d16 -mfloat-abi=hard -mthumb -o "Src/Toggle_led.o"
arm-none-eabi-gcc -o "GPIO_Driver.elf" @"objects.list"   -mcpu=cortex-m4 -T"C:\Users\SHRIKANT\Desktop\MY_STM32\STM32_BareMetal\GPIO_Driver\GPIO_Driver\STM32F407VGTX_FLASH.ld" --specs=nosys.specs -Wl,-Map="GPIO_Driver.map" -Wl,--gc-sections -static --specs=nano.specs -mfpu=fpv4-sp-d16 -mfloat-abi=hard -mthumb -Wl,--start-group -lc -lm -Wl,--end-group
Finished building target: GPIO_Driver.elf
 
arm-none-eabi-size   GPIO_Driver.elf 
arm-none-eabi-objdump -h -S  GPIO_Driver.elf  > "GPIO_Driver.list"
   text	   data	    bss	    dec	    hex	filename
   1712	      8	   1568	   3288	    cd8	GPIO_Driver.elf
Finished building: default.size.stdout
 
Finished building: GPIO_Driver.list
 
